IP Upgrade report for DE10_NANO_SoC_GHRD
Sun Dec 11 19:58:16 2022
Quartus Prime Version 21.1.1 Build 850 06/23/2022 SJ Standard Edition


---------------------
; Table of Contents ;
---------------------
  1. Legal Notice
  2. IP Upgrade Summary
  3. Successfully Upgraded IP Components
  4. Failed Upgrade IP Components
  5. IP Upgrade Messages



----------------
; Legal Notice ;
----------------
Copyright (C) 2022  Intel Corporation. All rights reserved.
Your use of Intel Corporation's design tools, logic functions 
and other software and tools, and any partner logic 
functions, and any output files from any of the foregoing 
(including device programming or simulation files), and any 
associated documentation or information are expressly subject 
to the terms and conditions of the Intel Program License 
Subscription Agreement, the Intel Quartus Prime License Agreement,
the Intel FPGA IP License Agreement, or other applicable license
agreement, including, without limitation, that your use is for
the sole purpose of programming logic devices manufactured by
Intel and sold by Intel or its authorized distributors.  Please
refer to the applicable agreement for further details, at
https://fpgasoftware.intel.com/eula.



+--------------------------------------------------------------------------------+
; IP Upgrade Summary                                                             ;
+------------------------------+-------------------------------------------------+
; IP Components Upgrade Status ; Passed - Sun Dec 11 19:58:16 2022               ;
; Quartus Prime Version        ; 21.1.1 Build 850 06/23/2022 SJ Standard Edition ;
; Revision Name                ; DE10_NANO_SoC_GHRD                              ;
; Top-level Entity Name        ; DE10_NANO_SoC_GHRD                              ;
; Family                       ; Cyclone V                                       ;
+------------------------------+-------------------------------------------------+


+-----------------------------------------------------------------------------------------------------------------------------------------------------------------------+
; Successfully Upgraded IP Components                                                                                                                                   ;
+-------------+------------------------------+---------+----------------------------------+--------------------------------+----------------------------------+---------+
; Entity Name ; Component Name               ; Version ; Original Source File             ; Generation File Path           ; New Source File                  ; Message ;
+-------------+------------------------------+---------+----------------------------------+--------------------------------+----------------------------------+---------+
; hps_reset   ; In-System Sources and Probes ; 16.0    ; ip/altsource_probe/hps_reset.qip ; ip/altsource_probe/hps_reset.v ; ip/altsource_probe/hps_reset.qip ;         ;
+-------------+------------------------------+---------+----------------------------------+--------------------------------+----------------------------------+---------+


+----------------------------------------------------------------------------------------------------------------------------------------------------------------------------------+
; Failed Upgrade IP Components                                                                                                                                                     ;
+-------------+----------------+---------+-------------------------------------+----------------------+-----------------+----------------------------------------------------------+
; Entity Name ; Component Name ; Version ; Original Source File                ; Generation File Path ; New Source File ; Message                                                  ;
+-------------+----------------+---------+-------------------------------------+----------------------+-----------------+----------------------------------------------------------+
; soc_system  ; Qsys           ; 16.0    ; soc_system/synthesis/soc_system.qip ; soc_system.qsys      ;                 ; Error upgrading Platform Designer file "soc_system.qsys" ;
+-------------+----------------+---------+-------------------------------------+----------------------+-----------------+----------------------------------------------------------+


+---------------------+
; IP Upgrade Messages ;
+---------------------+
Info (11902): Backing up file "ip/altsource_probe/hps_reset.v" to "ip/altsource_probe/hps_reset.BAK.v"
Info (11837): Started upgrading IP component In-System Sources and Probes with file "ip/altsource_probe/hps_reset.v"
Info (11902): Backing up file "soc_system.qsys" to "soc_system.BAK.qsys"
Info (11902): Backing up file "soc_system/synthesis/soc_system.v" to "soc_system.BAK.v"
Info (11837): Started upgrading IP component Qsys with file "soc_system.qsys"
Info: 2022.12.11.19:52:50 Info: Starting to upgrade the IP cores in the Platform Designer system
Info: 2022.12.11.19:52:50 Info: Finished upgrading the ip cores
Info: 2022.12.11.19:53:18 Info: Saving generation log to D:/project/quartus/DE10_NANO_SoC_GHRD/soc_system
Info: 2022.12.11.19:53:18 Info: Starting: Create simulation model
Info: 2022.12.11.19:53:19 Info: qsys-generate D:\project\quartus\DE10_NANO_SoC_GHRD\soc_system.qsys --simulation=VERILOG --allow-mixed-language-simulation --output-directory=D:\project\quartus\DE10_NANO_SoC_GHRD\soc_system\simulation --family="Cyclone V" --part=5CSEBA6U23I7
Info: 2022.12.11.19:53:19 Info: Loading DE10_NANO_SoC_GHRD
Info: 2022.12.11.19:53:19 Info: Reading input file
Info: 2022.12.11.19:53:19 Info: Adding ILC [interrupt_latency_counter 21.1]
Info: 2022.12.11.19:53:19 Info: Parameterizing module ILC
Info: 2022.12.11.19:53:19 Info: Adding button_pio [altera_avalon_pio 21.1]
Info: 2022.12.11.19:53:19 Info: Parameterizing module button_pio
Info: 2022.12.11.19:53:19 Info: Adding clk_0 [clock_source 21.1]
Info: 2022.12.11.19:53:19 Info: Parameterizing module clk_0
Info: 2022.12.11.19:53:19 Info: Adding dipsw_pio [altera_avalon_pio 21.1]
Info: 2022.12.11.19:53:19 Info: Parameterizing module dipsw_pio
Info: 2022.12.11.19:53:19 Info: Adding f2sdram_only_master [altera_jtag_avalon_master 21.1]
Info: 2022.12.11.19:53:19 Info: Parameterizing module f2sdram_only_master
Info: 2022.12.11.19:53:19 Info: Adding fpga_only_master [altera_jtag_avalon_master 21.1]
Info: 2022.12.11.19:53:19 Info: Parameterizing module fpga_only_master
Info: 2022.12.11.19:53:19 Info: Adding hps_0 [altera_hps 21.1]
Info: 2022.12.11.19:53:19 Info: Parameterizing module hps_0
Info: 2022.12.11.19:53:19 Info: Adding hps_only_master [altera_jtag_avalon_master 21.1]
Info: 2022.12.11.19:53:19 Info: Parameterizing module hps_only_master
Info: 2022.12.11.19:53:19 Info: Adding jtag_uart [altera_avalon_jtag_uart 21.1]
Info: 2022.12.11.19:53:19 Info: Parameterizing module jtag_uart
Info: 2022.12.11.19:53:19 Info: Adding led_pio [altera_avalon_pio 21.1]
Info: 2022.12.11.19:53:19 Info: Parameterizing module led_pio
Info: 2022.12.11.19:53:19 Info: Adding mm_bridge_0 [altera_avalon_mm_bridge 21.1]
Info: 2022.12.11.19:53:19 Info: Parameterizing module mm_bridge_0
Info: 2022.12.11.19:53:19 Info: Adding sysid_qsys [altera_avalon_sysid_qsys 21.1]
Info: 2022.12.11.19:53:19 Info: Parameterizing module sysid_qsys
Info: 2022.12.11.19:53:19 Info: Building connections
Info: 2022.12.11.19:53:19 Info: Parameterizing connections
Info: 2022.12.11.19:53:19 Info: Validating
Info: 2022.12.11.19:53:29 Info: Done reading input file
Info: 2022.12.11.19:53:35 Info: soc_system.button_pio: PIO inputs are not hardwired in test bench. Undefined values will be read from PIO inputs during simulation.
Info: 2022.12.11.19:53:35 Info: soc_system.dipsw_pio: PIO inputs are not hardwired in test bench. Undefined values will be read from PIO inputs during simulation.
Info: 2022.12.11.19:53:35 Info: soc_system.hps_0: HPS Main PLL counter settings: n = 0  m = 63
Info: 2022.12.11.19:53:35 Info: soc_system.hps_0: HPS peripherial PLL counter settings: n = 0  m = 39
Info: 2022.12.11.19:53:35 Info: soc_system.jtag_uart: JTAG UART IP input clock need to be at least double (2x) the operating frequency of JTAG TCK on board
Info: 2022.12.11.19:53:35 Info: soc_system.sysid_qsys: System ID is not assigned automatically. Edit the System ID parameter to provide a unique ID
Info: 2022.12.11.19:53:35 Info: soc_system.sysid_qsys: Time stamp will be automatically updated when this component is generated.
Info: 2022.12.11.19:53:37 Info: soc_system: Generating soc_system "soc_system" for SIM_VERILOG
Info: 2022.12.11.19:53:44 Info: Interconnect is inserted between master hps_0.h2f_lw_axi_master and slave mm_bridge_0.s0 because the master is of type axi and the slave is of type avalon.
Info: 2022.12.11.19:53:50 Info: Interconnect is inserted between master hps_only_master.master and slave hps_0.f2h_axi_slave because the master is of type avalon and the slave is of type axi.
Info: 2022.12.11.19:53:51 Info: Interconnect is inserted between master f2sdram_only_master.master and slave hps_0.f2h_sdram0_data because the master has address signal 32 bit wide, but the slave is 27 bit wide.
Info: 2022.12.11.19:53:51 Info: Interconnect is inserted between master f2sdram_only_master.master and slave hps_0.f2h_sdram0_data because the master has readdata signal 32 bit wide, but the slave is 256 bit wide.
Info: 2022.12.11.19:53:51 Info: Interconnect is inserted between master f2sdram_only_master.master and slave hps_0.f2h_sdram0_data because the master has writedata signal 32 bit wide, but the slave is 256 bit wide.
Info: 2022.12.11.19:53:51 Info: Interconnect is inserted between master f2sdram_only_master.master and slave hps_0.f2h_sdram0_data because the master has byteenable signal 4 bit wide, but the slave is 32 bit wide.
Warning: 2022.12.11.19:53:52 Warning: hps_0.f2h_irq0: Cannot connect clock for irq_mapper_001.sender
Warning: 2022.12.11.19:53:52 Warning: hps_0.f2h_irq0: Cannot connect reset for irq_mapper_001.sender
Warning: 2022.12.11.19:53:52 Warning: hps_0.f2h_irq1: Cannot connect clock for irq_mapper_002.sender
Warning: 2022.12.11.19:53:52 Warning: hps_0.f2h_irq1: Cannot connect reset for irq_mapper_002.sender
Info: 2022.12.11.19:54:02 Info: ILC: "soc_system" instantiated interrupt_latency_counter "ILC"
Info: 2022.12.11.19:54:02 Info: button_pio: Starting RTL generation for module 'soc_system_button_pio'
Info: 2022.12.11.19:54:02 Info: button_pio:   Generation command is [exec C:/intelfpga/21.1/quartus/bin64/perl/bin/perl.exe -I C:/intelfpga/21.1/quartus/bin64/perl/lib -I C:/intelfpga/21.1/quartus/sopc_builder/bin/europa -I C:/intelfpga/21.1/quartus/sopc_builder/bin -I C:/intelfpga/21.1/quartus/../ip/altera/sopc_builder_ip/common -I C:/intelfpga/21.1/quartus/../ip/altera/sopc_builder_ip/altera_avalon_pio -- C:/intelfpga/21.1/quartus/../ip/altera/sopc_builder_ip/altera_avalon_pio/generate_rtl.pl --name=soc_system_button_pio --dir=C:/Users/asale/AppData/Local/Temp/alt9337_8479098465098111041.dir/0003_button_pio_gen/ --quartus_dir=C:/intelfpga/21.1/quartus --verilog --config=C:/Users/asale/AppData/Local/Temp/alt9337_8479098465098111041.dir/0003_button_pio_gen//soc_system_button_pio_component_configuration.pl  --do_build_sim=1    --sim_dir=C:/Users/asale/AppData/Local/Temp/alt9337_8479098465098111041.dir/0003_button_pio_gen
Info: 2022.12.11.19:54:04 Info: button_pio: Done RTL generation for module 'soc_system_button_pio'
Info: 2022.12.11.19:54:04 Info: button_pio: "soc_system" instantiated altera_avalon_pio "button_pio"
Info: 2022.12.11.19:54:04 Info: dipsw_pio: Starting RTL generation for module 'soc_system_dipsw_pio'
Info: 2022.12.11.19:54:04 Info: dipsw_pio:   Generation command is [exec C:/intelfpga/21.1/quartus/bin64/perl/bin/perl.exe -I C:/intelfpga/21.1/quartus/bin64/perl/lib -I C:/intelfpga/21.1/quartus/sopc_builder/bin/europa -I C:/intelfpga/21.1/quartus/sopc_builder/bin -I C:/intelfpga/21.1/quartus/../ip/altera/sopc_builder_ip/common -I C:/intelfpga/21.1/quartus/../ip/altera/sopc_builder_ip/altera_avalon_pio -- C:/intelfpga/21.1/quartus/../ip/altera/sopc_builder_ip/altera_avalon_pio/generate_rtl.pl --name=soc_system_dipsw_pio --dir=C:/Users/asale/AppData/Local/Temp/alt9337_8479098465098111041.dir/0004_dipsw_pio_gen/ --quartus_dir=C:/intelfpga/21.1/quartus --verilog --config=C:/Users/asale/AppData/Local/Temp/alt9337_8479098465098111041.dir/0004_dipsw_pio_gen//soc_system_dipsw_pio_component_configuration.pl  --do_build_sim=1    --sim_dir=C:/Users/asale/AppData/Local/Temp/alt9337_8479098465098111041.dir/0004_dipsw_pio_gen
Info: 2022.12.11.19:54:04 Info: dipsw_pio: Done RTL generation for module 'soc_system_dipsw_pio'
Info: 2022.12.11.19:54:04 Info: dipsw_pio: "soc_system" instantiated altera_avalon_pio "dipsw_pio"
Info: 2022.12.11.19:54:05 Info: f2sdram_only_master: "soc_system" instantiated altera_jtag_avalon_master "f2sdram_only_master"
Info: 2022.12.11.19:54:05 Info: hps_0: "Running  for module: hps_0"
Info: 2022.12.11.19:54:06 Info: hps_0: HPS Main PLL counter settings: n = 0  m = 63
Info: 2022.12.11.19:54:06 Info: hps_0: HPS peripherial PLL counter settings: n = 0  m = 39
Info: 2022.12.11.19:54:09 Info: hps_0: "soc_system" instantiated altera_hps "hps_0"
Info: 2022.12.11.19:54:09 Info: jtag_uart: Starting RTL generation for module 'soc_system_jtag_uart'
Info: 2022.12.11.19:54:09 Info: jtag_uart:   Generation command is [exec C:/intelfpga/21.1/quartus/bin64/perl/bin/perl.exe -I C:/intelfpga/21.1/quartus/bin64/perl/lib -I C:/intelfpga/21.1/quartus/sopc_builder/bin/europa -I C:/intelfpga/21.1/quartus/sopc_builder/bin -I C:/intelfpga/21.1/quartus/../ip/altera/sopc_builder_ip/common -I C:/intelfpga/21.1/quartus/../ip/altera/sopc_builder_ip/altera_avalon_jtag_uart -- C:/intelfpga/21.1/quartus/../ip/altera/sopc_builder_ip/altera_avalon_jtag_uart/generate_rtl.pl --name=soc_system_jtag_uart --dir=C:/Users/asale/AppData/Local/Temp/alt9337_8479098465098111041.dir/0005_jtag_uart_gen/ --quartus_dir=C:/intelfpga/21.1/quartus --verilog --config=C:/Users/asale/AppData/Local/Temp/alt9337_8479098465098111041.dir/0005_jtag_uart_gen//soc_system_jtag_uart_component_configuration.pl  --do_build_sim=1    --sim_dir=C:/Users/asale/AppData/Local/Temp/alt9337_8479098465098111041.dir/0005_jtag_uart_gen
Info: 2022.12.11.19:54:10 Info: jtag_uart: Done RTL generation for module 'soc_system_jtag_uart'
Info: 2022.12.11.19:54:10 Info: jtag_uart: "soc_system" instantiated altera_avalon_jtag_uart "jtag_uart"
Info: 2022.12.11.19:54:10 Info: led_pio: Starting RTL generation for module 'soc_system_led_pio'
Info: 2022.12.11.19:54:10 Info: led_pio:   Generation command is [exec C:/intelfpga/21.1/quartus/bin64/perl/bin/perl.exe -I C:/intelfpga/21.1/quartus/bin64/perl/lib -I C:/intelfpga/21.1/quartus/sopc_builder/bin/europa -I C:/intelfpga/21.1/quartus/sopc_builder/bin -I C:/intelfpga/21.1/quartus/../ip/altera/sopc_builder_ip/common -I C:/intelfpga/21.1/quartus/../ip/altera/sopc_builder_ip/altera_avalon_pio -- C:/intelfpga/21.1/quartus/../ip/altera/sopc_builder_ip/altera_avalon_pio/generate_rtl.pl --name=soc_system_led_pio --dir=C:/Users/asale/AppData/Local/Temp/alt9337_8479098465098111041.dir/0006_led_pio_gen/ --quartus_dir=C:/intelfpga/21.1/quartus --verilog --config=C:/Users/asale/AppData/Local/Temp/alt9337_8479098465098111041.dir/0006_led_pio_gen//soc_system_led_pio_component_configuration.pl  --do_build_sim=1    --sim_dir=C:/Users/asale/AppData/Local/Temp/alt9337_8479098465098111041.dir/0006_led_pio_gen
Info: 2022.12.11.19:54:10 Info: led_pio: Done RTL generation for module 'soc_system_led_pio'
Info: 2022.12.11.19:54:10 Info: led_pio: "soc_system" instantiated altera_avalon_pio "led_pio"
Info: 2022.12.11.19:54:10 Info: mm_bridge_0: "soc_system" instantiated altera_avalon_mm_bridge "mm_bridge_0"
Info: 2022.12.11.19:54:10 Info: sysid_qsys: "soc_system" instantiated altera_avalon_sysid_qsys "sysid_qsys"
Info: 2022.12.11.19:54:12 Info: avalon_st_adapter: Inserting error_adapter: error_adapter_0
Info: 2022.12.11.19:54:13 Info: mm_interconnect_0: "soc_system" instantiated altera_mm_interconnect "mm_interconnect_0"
Info: 2022.12.11.19:54:19 Info: avalon_st_adapter: Inserting error_adapter: error_adapter_0
Info: 2022.12.11.19:54:19 Info: avalon_st_adapter_001: Inserting error_adapter: error_adapter_0
Info: 2022.12.11.19:54:20 Info: avalon_st_adapter_002: Inserting error_adapter: error_adapter_0
Info: 2022.12.11.19:54:21 Info: avalon_st_adapter_003: Inserting error_adapter: error_adapter_0
Info: 2022.12.11.19:54:22 Info: avalon_st_adapter_004: Inserting error_adapter: error_adapter_0
Info: 2022.12.11.19:54:23 Info: avalon_st_adapter_005: Inserting error_adapter: error_adapter_0
Info: 2022.12.11.19:54:30 Info: mm_interconnect_1: "soc_system" instantiated altera_mm_interconnect "mm_interconnect_1"
Info: 2022.12.11.19:54:33 Info: mm_interconnect_2: "soc_system" instantiated altera_mm_interconnect "mm_interconnect_2"
Info: 2022.12.11.19:54:36 Info: avalon_st_adapter: Inserting error_adapter: error_adapter_0
Info: 2022.12.11.19:54:38 Info: mm_interconnect_3: "soc_system" instantiated altera_mm_interconnect "mm_interconnect_3"
Info: 2022.12.11.19:54:38 Info: irq_mapper: "soc_system" instantiated altera_irq_mapper "irq_mapper"
Info: 2022.12.11.19:54:38 Info: irq_mapper_001: "soc_system" instantiated altera_irq_mapper "irq_mapper_001"
Info: 2022.12.11.19:54:38 Info: irq_mapper_002: "soc_system" instantiated altera_irq_mapper "irq_mapper_002"
Info: 2022.12.11.19:54:38 Info: rst_controller: "soc_system" instantiated altera_reset_controller "rst_controller"
Info: 2022.12.11.19:54:38 Info: jtag_phy_embedded_in_jtag_master: "f2sdram_only_master" instantiated altera_jtag_dc_streaming "jtag_phy_embedded_in_jtag_master"
Info: 2022.12.11.19:54:38 Info: timing_adt: "f2sdram_only_master" instantiated timing_adapter "timing_adt"
Info: 2022.12.11.19:54:38 Info: fifo: "f2sdram_only_master" instantiated altera_avalon_sc_fifo "fifo"
Info: 2022.12.11.19:54:38 Info: b2p: "f2sdram_only_master" instantiated altera_avalon_st_bytes_to_packets "b2p"
Info: 2022.12.11.19:54:38 Info: p2b: "f2sdram_only_master" instantiated altera_avalon_st_packets_to_bytes "p2b"
Info: 2022.12.11.19:54:38 Info: transacto: "f2sdram_only_master" instantiated altera_avalon_packets_to_master "transacto"
Info: 2022.12.11.19:54:38 Info: b2p_adapter: "f2sdram_only_master" instantiated channel_adapter "b2p_adapter"
Info: 2022.12.11.19:54:38 Info: p2b_adapter: "f2sdram_only_master" instantiated channel_adapter "p2b_adapter"
Error: 2022.12.11.19:55:23 Error: fpga_interfaces: Error during execution of script generate_hps_sdram.tcl: s0: Nios II Command Shell.bat requires Windows Subsystem for Linux (WSL) to run.
Error: 2022.12.11.19:55:23 Error: fpga_interfaces: Error during execution of script generate_hps_sdram.tcl: s0: Please install WSL and try again.
Error: 2022.12.11.19:55:23 Error: fpga_interfaces: Error during execution of script generate_hps_sdram.tcl: s0: child process exited abnormally
Error: 2022.12.11.19:55:23 Error: fpga_interfaces: Error during execution of script generate_hps_sdram.tcl: s0: add_fileset_file: No such file C:/Users/asale/AppData/Local/Temp/alt9337_3639084192751441459.dir/0006_s0_gen
Error: 2022.12.11.19:55:23 Error: fpga_interfaces: Error during execution of script generate_hps_sdram.tcl: Generation stopped, 10 or more modules remaining
Error: 2022.12.11.19:55:23 Error: fpga_interfaces: Execution of script generate_hps_sdram.tcl failed
Error: 2022.12.11.19:55:23 Error: fpga_interfaces: 2022.12.11.19:54:40 Info:
Error: 2022.12.11.19:55:23 Error: fpga_interfaces: ********************************************************************************************************************
Error: 2022.12.11.19:55:23 Error: fpga_interfaces:
Error: 2022.12.11.19:55:23 Error: fpga_interfaces: Use qsys-generate for a simpler command-line interface for generating IP.
Error: 2022.12.11.19:55:23 Error: fpga_interfaces:
Error: 2022.12.11.19:55:23 Error: fpga_interfaces: Run ip-generate with switch --remove-qsys-generate-warning to prevent this notice from appearing in subsequent runs.
Error: 2022.12.11.19:55:23 Error: fpga_interfaces:
Error: 2022.12.11.19:55:23 Error: fpga_interfaces: ********************************************************************************************************************
Warning: 2022.12.11.19:55:23 Error: fpga_interfaces: 2022.12.11.19:54:47 Warning: Ignored parameter assignment device=5CSEBA6U23I7
Warning: 2022.12.11.19:55:23 Error: fpga_interfaces: 2022.12.11.19:54:47 Warning: Ignored parameter assignment extended_family_support=true
Warning: 2022.12.11.19:55:23 Error: fpga_interfaces: 2022.12.11.19:54:57 Warning: hps_sdram: 'Quick' simulation modes are NOT timing accurate. Some simulation memory models may issue warnings or errors
Error: 2022.12.11.19:55:23 Error: fpga_interfaces: 2022.12.11.19:54:57 Info: hps_sdram.pll_ref_clk: Elaborate: altera_clock_source
Error: 2022.12.11.19:55:23 Error: fpga_interfaces: 2022.12.11.19:54:57 Info: hps_sdram.pll_ref_clk:            $Revision: #1 $
Error: 2022.12.11.19:55:23 Error: fpga_interfaces: 2022.12.11.19:54:57 Info: hps_sdram.pll_ref_clk:            $Date: 2020/06
Error: 2022.12.11.19:55:23 Error: fpga_interfaces: 2022.12.11.19:54:57 Info: hps_sdram.global_reset: Elaborate: altera_reset_source
Error: 2022.12.11.19:55:23 Error: fpga_interfaces: 2022.12.11.19:54:57 Info: hps_sdram.global_reset:            $Revision: #1 $
Error: 2022.12.11.19:55:23 Error: fpga_interfaces: 2022.12.11.19:54:57 Info: hps_sdram.global_reset:            $Date: 2020/06
Error: 2022.12.11.19:55:23 Error: fpga_interfaces: 2022.12.11.19:54:57 Info: hps_sdram.global_reset: Reset is negatively asserted.
Warning: 2022.12.11.19:55:23 Error: fpga_interfaces: 2022.12.11.19:54:57 Warning: hps_sdram.p0: p0.oct_sharing must be exported, or connected to a matching conduit.
Warning: 2022.12.11.19:55:23 Error: fpga_interfaces: 2022.12.11.19:54:57 Warning: hps_sdram.p0: p0.io_int must be exported, or connected to a matching conduit.
Warning: 2022.12.11.19:55:23 Error: fpga_interfaces: 2022.12.11.19:54:57 Warning: hps_sdram.sequencer_mem: sequencer_mem.clken1 must be exported, or connected to a matching conduit.
Warning: 2022.12.11.19:55:23 Error: fpga_interfaces: 2022.12.11.19:54:57 Warning: hps_sdram.oct: oct.oct must be exported, or connected to a matching conduit.
Warning: 2022.12.11.19:55:23 Error: fpga_interfaces: 2022.12.11.19:54:57 Warning: hps_sdram.oct: oct.oct_sharing must be exported, or connected to a matching conduit.
Error: 2022.12.11.19:55:23 Error: fpga_interfaces: 2022.12.11.19:54:57 Info: hps_sdram: Generating altera_mem_if_hps_emif "hps_sdram" for SIM_VERILOG
Error: 2022.12.11.19:55:23 Error: fpga_interfaces: 2022.12.11.19:55:03 Info: Interconnect is inserted between master s0.mmr_avl and slave c0.csr because the master has burstcount signal 1 bit wide, but the slave is 0 bit wide.
Error: 2022.12.11.19:55:23 Error: fpga_interfaces: 2022.12.11.19:55:06 Info: pll_ref_clk: "hps_sdram" instantiated altera_avalon_clock_source "pll_ref_clk"
Error: 2022.12.11.19:55:23 Error: fpga_interfaces: 2022.12.11.19:55:06 Info: global_reset: "hps_sdram" instantiated altera_avalon_reset_source "global_reset"
Error: 2022.12.11.19:55:23 Error: fpga_interfaces: 2022.12.11.19:55:06 Info: Reusing file C:/Users/asale/AppData/Local/Temp/alt9337_8479098465098111041.dir/0021_fpga_interfaces_gen/submodules
Error: 2022.12.11.19:55:23 Error: fpga_interfaces: 2022.12.11.19:55:07 Info: pll: "hps_sdram" instantiated altera_mem_if_hps_pll "pll"
Error: 2022.12.11.19:55:23 Error: fpga_interfaces: 2022.12.11.19:55:07 Info: p0: Generating clock pair generator
Error: 2022.12.11.19:55:23 Error: fpga_interfaces: 2022.12.11.19:55:08 Info: p0: Generating hps_sdram_p0_altdqdqs
Error: 2022.12.11.19:55:23 Error: fpga_interfaces: 2022.12.11.19:55:16 Info: p0: "hps_sdram" instantiated altera_mem_if_ddr3_hard_phy_core "p0"
Error: 2022.12.11.19:55:23 Error: fpga_interfaces: 2022.12.11.19:55:23 Error: s0: Nios II Command Shell.bat requires Windows Subsystem for Linux (WSL) to run.
Error: 2022.12.11.19:55:23 Error: fpga_interfaces: 2022.12.11.19:55:23 Error: s0: Please install WSL and try again.
Error: 2022.12.11.19:55:23 Error: fpga_interfaces: 2022.12.11.19:55:23 Error: s0: child process exited abnormally
Error: 2022.12.11.19:55:23 Error: fpga_interfaces: 2022.12.11.19:55:23 Error: s0: add_fileset_file: No such file C:/Users/asale/AppData/Local/Temp/alt9337_3639084192751441459.dir/0006_s0_gen
Error: 2022.12.11.19:55:23 Error: fpga_interfaces: while executing
Error: 2022.12.11.19:55:23 Error: fpga_interfaces: "add_fileset_file $file_name [::alt_mem_if::util::hwtcl_utils::get_file_type $file_name 0] PATH $file_pathname"
Error: 2022.12.11.19:55:23 Error: fpga_interfaces: ("foreach" body line 4)
Error: 2022.12.11.19:55:23 Error: fpga_interfaces: invoked from within
Error: 2022.12.11.19:55:23 Error: fpga_interfaces: "foreach file_pathname $return_files_sw {
Error: 2022.12.11.19:55:23 Error: fpga_interfaces:         _dprint 1 "Preparing to add $file_pathname"
Error: 2022.12.11.19:55:23 Error: fpga_interfaces:         set file_name [file tail $file_pathname]
Error: 2022.12.11.19:55:23 Error: fpga_interfaces:         add_fileset_file $..."
Error: 2022.12.11.19:55:23 Error: fpga_interfaces: (procedure "generate_sw" line 18)
Error: 2022.12.11.19:55:23 Error: fpga_interfaces: invoked from within
Error: 2022.12.11.19:55:23 Error: fpga_interfaces: "generate_sw $name $fileset"
Error: 2022.12.11.19:55:23 Error: fpga_interfaces: (procedure "generate_files" line 37)
Error: 2022.12.11.19:55:23 Error: fpga_interfaces: invoked from within
Error: 2022.12.11.19:55:23 Error: fpga_interfaces: "generate_files $name SIM_VERILOG"
Error: 2022.12.11.19:55:23 Error: fpga_interfaces: (procedure "generate_verilog_sim" line 3)
Error: 2022.12.11.19:55:23 Error: fpga_interfaces: invoked from within
Error: 2022.12.11.19:55:23 Error: fpga_interfaces: "generate_verilog_sim altera_mem_if_hhp_qseq_top"
Error: 2022.12.11.19:55:23 Error: fpga_interfaces: 2022.12.11.19:55:23 Info: s0: "hps_sdram" instantiated altera_mem_if_hhp_ddr3_qseq "s0"
Error: 2022.12.11.19:55:23 Error: fpga_interfaces: 2022.12.11.19:55:23 Error: Generation stopped, 10 or more modules remaining
Error: 2022.12.11.19:55:23 Error: fpga_interfaces: 2022.12.11.19:55:23 Info: hps_sdram: Done "hps_sdram" with 16 modules, 59 files
Info: 2022.12.11.19:55:24 Info: fpga_interfaces: "hps_0" instantiated altera_interface_generator "fpga_interfaces"
Error: 2022.12.11.19:55:24 Error: Generation stopped, 102 or more modules remaining
Info: 2022.12.11.19:55:24 Info: soc_system: Done "soc_system" with 62 modules, 112 files
Error: 2022.12.11.19:55:24 Error: qsys-generate failed with exit code 1: 67 Errors, 4 Warnings
Info: 2022.12.11.19:55:24 Info: Finished: Create simulation model
Info: 2022.12.11.19:55:24 Info: Starting: Create Modelsim Project.
Info: 2022.12.11.19:55:24 Info: sim-script-gen --spd=D:\project\quartus\DE10_NANO_SoC_GHRD\soc_system\soc_system.spd --output-directory=D:/project/quartus/DE10_NANO_SoC_GHRD/soc_system/simulation
Info: 2022.12.11.19:55:24 Info: Doing: ip-make-simscript --spd=D:\project\quartus\DE10_NANO_SoC_GHRD\soc_system\soc_system.spd --output-directory=D:/project/quartus/DE10_NANO_SoC_GHRD/soc_system/simulation
Info: 2022.12.11.19:55:25 Info: Generating the following file(s) for MODELSIM simulator in D:/project/quartus/DE10_NANO_SoC_GHRD/soc_system/simulation
Info: 2022.12.11.19:55:25 Info:     mentor
Info: 2022.12.11.19:55:25 Info: Generating the following file(s) for VCS simulator in D:/project/quartus/DE10_NANO_SoC_GHRD/soc_system/simulation
Info: 2022.12.11.19:55:25 Info:     synopsys/vcs
Info: 2022.12.11.19:55:25 Info: Generating the following file(s) for VCSMX simulator in D:/project/quartus/DE10_NANO_SoC_GHRD/soc_system/simulation
Info: 2022.12.11.19:55:25 Info:     synopsys/vcsmx
Info: 2022.12.11.19:55:25 Info:     synopsys/vcsmx
Info: 2022.12.11.19:55:25 Info: Generating the following file(s) for NCSIM simulator in D:/project/quartus/DE10_NANO_SoC_GHRD/soc_system/simulation
Info: 2022.12.11.19:55:25 Info:     cadence
Info: 2022.12.11.19:55:25 Info:     cadence
Info: 2022.12.11.19:55:25 Info:     cadence
Info: 2022.12.11.19:55:25 Info:     27 .cds.lib files in cadence/cds_libs
Info: 2022.12.11.19:55:25 Info: Generating the following file(s) for RIVIERA simulator in D:/project/quartus/DE10_NANO_SoC_GHRD/soc_system/simulation
Info: 2022.12.11.19:55:25 Info:     aldec
Info: 2022.12.11.19:55:25 Info: For information on how to simulate your IP, see the explanatory comments in the simulator-specific subdirectories under D:/project/quartus/DE10_NANO_SoC_GHRD/soc_system/simulation
Info: 2022.12.11.19:55:25 Info: Finished: Create Modelsim Project.
2022.12.11.19:55:25 Info: Starting: Create block symbol file (.bsf)
2022.12.11.19:55:25 Info: qsys-generate D:\project\quartus\DE10_NANO_SoC_GHRD\soc_system.qsys --block-symbol-file --output-directory=D:\project\quartus\DE10_NANO_SoC_GHRD\soc_system --family="Cyclone V" --part=5CSEBA6U23I7
Info: 2022.12.11.19:55:25 Info: Loading DE10_NANO_SoC_GHRD
Info: 2022.12.11.19:55:26 Info: Reading input file
Info: 2022.12.11.19:55:26 Info: Adding ILC [interrupt_latency_counter 21.1]
Info: 2022.12.11.19:55:26 Info: Parameterizing module ILC
Info: 2022.12.11.19:55:26 Info: Adding button_pio [altera_avalon_pio 21.1]
Info: 2022.12.11.19:55:26 Info: Parameterizing module button_pio
Info: 2022.12.11.19:55:26 Info: Adding clk_0 [clock_source 21.1]
Info: 2022.12.11.19:55:26 Info: Parameterizing module clk_0
Info: 2022.12.11.19:55:26 Info: Adding dipsw_pio [altera_avalon_pio 21.1]
Info: 2022.12.11.19:55:26 Info: Parameterizing module dipsw_pio
Info: 2022.12.11.19:55:26 Info: Adding f2sdram_only_master [altera_jtag_avalon_master 21.1]
Info: 2022.12.11.19:55:26 Info: Parameterizing module f2sdram_only_master
Info: 2022.12.11.19:55:26 Info: Adding fpga_only_master [altera_jtag_avalon_master 21.1]
Info: 2022.12.11.19:55:26 Info: Parameterizing module fpga_only_master
Info: 2022.12.11.19:55:26 Info: Adding hps_0 [altera_hps 21.1]
Info: 2022.12.11.19:55:26 Info: Parameterizing module hps_0
Info: 2022.12.11.19:55:26 Info: Adding hps_only_master [altera_jtag_avalon_master 21.1]
Info: 2022.12.11.19:55:26 Info: Parameterizing module hps_only_master
Info: 2022.12.11.19:55:26 Info: Adding jtag_uart [altera_avalon_jtag_uart 21.1]
Info: 2022.12.11.19:55:26 Info: Parameterizing module jtag_uart
Info: 2022.12.11.19:55:26 Info: Adding led_pio [altera_avalon_pio 21.1]
Info: 2022.12.11.19:55:26 Info: Parameterizing module led_pio
Info: 2022.12.11.19:55:26 Info: Adding mm_bridge_0 [altera_avalon_mm_bridge 21.1]
Info: 2022.12.11.19:55:26 Info: Parameterizing module mm_bridge_0
Info: 2022.12.11.19:55:26 Info: Adding sysid_qsys [altera_avalon_sysid_qsys 21.1]
Info: 2022.12.11.19:55:26 Info: Parameterizing module sysid_qsys
Info: 2022.12.11.19:55:26 Info: Building connections
Info: 2022.12.11.19:55:26 Info: Parameterizing connections
Info: 2022.12.11.19:55:26 Info: Validating
Info: 2022.12.11.19:55:37 Info: Done reading input file
Info: 2022.12.11.19:55:42 Info: soc_system.button_pio: PIO inputs are not hardwired in test bench. Undefined values will be read from PIO inputs during simulation.
Info: 2022.12.11.19:55:42 Info: soc_system.dipsw_pio: PIO inputs are not hardwired in test bench. Undefined values will be read from PIO inputs during simulation.
2022.12.11.19:55:42 Info: soc_system.hps_0: HPS Main PLL counter settings: n = 0  m = 63
Info: 2022.12.11.19:55:42 Info: soc_system.hps_0: HPS peripherial PLL counter settings: n = 0  m = 39
Info: 2022.12.11.19:55:42 Info: soc_system.jtag_uart: JTAG UART IP input clock need to be at least double (2x) the operating frequency of JTAG TCK on board
Info: 2022.12.11.19:55:42 Info: soc_system.sysid_qsys: System ID is not assigned automatically. Edit the System ID parameter to provide a unique ID
2022.12.11.19:55:42 Info: soc_system.sysid_qsys: Time stamp will be automatically updated when this component is generated.
Info: 2022.12.11.19:55:43 Info: qsys-generate succeeded.
Info: 2022.12.11.19:55:43 Info: Finished: Create block symbol file (.bsf)
Info: 2022.12.11.19:55:43 Info:
Info: 2022.12.11.19:55:43 Info: Starting: Create HDL design files for synthesis
Info: 2022.12.11.19:55:43 Info: qsys-generate D:\project\quartus\DE10_NANO_SoC_GHRD\soc_system.qsys --synthesis=VERILOG --output-directory=D:\project\quartus\DE10_NANO_SoC_GHRD\soc_system\synthesis --family="Cyclone V" --part=5CSEBA6U23I7
Info: 2022.12.11.19:55:43 Info: Loading DE10_NANO_SoC_GHRD
Info: 2022.12.11.19:55:43 Info: Reading input file
Info: 2022.12.11.19:55:43 Info: Adding ILC [interrupt_latency_counter 21.1]
Info: 2022.12.11.19:55:43 Info: Parameterizing module ILC
Info: 2022.12.11.19:55:43 Info: Adding button_pio [altera_avalon_pio 21.1]
Info: 2022.12.11.19:55:43 Info: Parameterizing module button_pio
Info: 2022.12.11.19:55:43 Info: Adding clk_0 [clock_source 21.1]
Info: 2022.12.11.19:55:43 Info: Parameterizing module clk_0
Info: 2022.12.11.19:55:43 Info: Adding dipsw_pio [altera_avalon_pio 21.1]
Info: 2022.12.11.19:55:43 Info: Parameterizing module dipsw_pio
Info: 2022.12.11.19:55:43 Info: Adding f2sdram_only_master [altera_jtag_avalon_master 21.1]
Info: 2022.12.11.19:55:43 Info: Parameterizing module f2sdram_only_master
Info: 2022.12.11.19:55:43 Info: Adding fpga_only_master [altera_jtag_avalon_master 21.1]
Info: 2022.12.11.19:55:43 Info: Parameterizing module fpga_only_master
Info: 2022.12.11.19:55:43 Info: Adding hps_0 [altera_hps 21.1]
Info: 2022.12.11.19:55:43 Info: Parameterizing module hps_0
Info: 2022.12.11.19:55:43 Info: Adding hps_only_master [altera_jtag_avalon_master 21.1]
Info: 2022.12.11.19:55:43 Info: Parameterizing module hps_only_master
Info: 2022.12.11.19:55:43 Info: Adding jtag_uart [altera_avalon_jtag_uart 21.1]
Info: 2022.12.11.19:55:43 Info: Parameterizing module jtag_uart
Info: 2022.12.11.19:55:43 Info: Adding led_pio [altera_avalon_pio 21.1]
Info: 2022.12.11.19:55:43 Info: Parameterizing module led_pio
Info: 2022.12.11.19:55:43 Info: Adding mm_bridge_0 [altera_avalon_mm_bridge 21.1]
Info: 2022.12.11.19:55:43 Info: Parameterizing module mm_bridge_0
Info: 2022.12.11.19:55:43 Info: Adding sysid_qsys [altera_avalon_sysid_qsys 21.1]
Info: 2022.12.11.19:55:43 Info: Parameterizing module sysid_qsys
Info: 2022.12.11.19:55:43 Info: Building connections
Info: 2022.12.11.19:55:43 Info: Parameterizing connections
Info: 2022.12.11.19:55:43 Info: Validating
Info: 2022.12.11.19:55:54 Info: Done reading input file
Info: 2022.12.11.19:55:59 Info: soc_system.button_pio: PIO inputs are not hardwired in test bench. Undefined values will be read from PIO inputs during simulation.
Info: 2022.12.11.19:55:59 Info: soc_system.dipsw_pio: PIO inputs are not hardwired in test bench. Undefined values will be read from PIO inputs during simulation.
Info: 2022.12.11.19:55:59 Info: soc_system.hps_0: HPS Main PLL counter settings: n = 0  m = 63
Info: 2022.12.11.19:55:59 Info: soc_system.hps_0: HPS peripherial PLL counter settings: n = 0  m = 39
Info: 2022.12.11.19:55:59 Info: soc_system.jtag_uart: JTAG UART IP input clock need to be at least double (2x) the operating frequency of JTAG TCK on board
Info: 2022.12.11.19:55:59 Info: soc_system.sysid_qsys: System ID is not assigned automatically. Edit the System ID parameter to provide a unique ID
2022.12.11.19:55:59 Info: soc_system.sysid_qsys: Time stamp will be automatically updated when this component is generated.
Info: 2022.12.11.19:56:03 Info: soc_system: Generating soc_system "soc_system" for QUARTUS_SYNTH
Info: 2022.12.11.19:56:10 Info: Interconnect is inserted between master hps_0.h2f_lw_axi_master and slave mm_bridge_0.s0 because the master is of type axi and the slave is of type avalon.
Info: 2022.12.11.19:56:15 Info: Interconnect is inserted between master hps_only_master.master and slave hps_0.f2h_axi_slave because the master is of type avalon and the slave is of type axi.
Info: 2022.12.11.19:56:16 Info: Interconnect is inserted between master f2sdram_only_master.master and slave hps_0.f2h_sdram0_data because the master has address signal 32 bit wide, but the slave is 27 bit wide.
Info: 2022.12.11.19:56:16 Info: Interconnect is inserted between master f2sdram_only_master.master and slave hps_0.f2h_sdram0_data because the master has readdata signal 32 bit wide, but the slave is 256 bit wide.
2022.12.11.19:56:16 Info: Interconnect is inserted between master f2sdram_only_master.master and slave hps_0.f2h_sdram0_data because the master has writedata signal 32 bit wide, but the slave is 256 bit wide.
2022.12.11.19:56:16 Info: Interconnect is inserted between master f2sdram_only_master.master and slave hps_0.f2h_sdram0_data because the master has byteenable signal 4 bit wide, but the slave is 32 bit wide.
Warning: 2022.12.11.19:56:17 Warning: hps_0.f2h_irq0: Cannot connect clock for irq_mapper_001.sender
Warning: 2022.12.11.19:56:17 Warning: hps_0.f2h_irq0: Cannot connect reset for irq_mapper_001.sender
Warning: 2022.12.11.19:56:17 Warning: hps_0.f2h_irq1: Cannot connect clock for irq_mapper_002.sender
Warning: 2022.12.11.19:56:17 Warning: hps_0.f2h_irq1: Cannot connect reset for irq_mapper_002.sender
Info: 2022.12.11.19:56:28 Info: ILC: "soc_system" instantiated interrupt_latency_counter "ILC"
Info: 2022.12.11.19:56:28 Info: button_pio: Starting RTL generation for module 'soc_system_button_pio'
Info: 2022.12.11.19:56:28 Info: button_pio:   Generation command is [exec C:/intelfpga/21.1/quartus/bin64/perl/bin/perl.exe -I C:/intelfpga/21.1/quartus/bin64/perl/lib -I C:/intelfpga/21.1/quartus/sopc_builder/bin/europa -I C:/intelfpga/21.1/quartus/sopc_builder/bin -I C:/intelfpga/21.1/quartus/../ip/altera/sopc_builder_ip/common -I C:/intelfpga/21.1/quartus/../ip/altera/sopc_builder_ip/altera_avalon_pio -- C:/intelfpga/21.1/quartus/../ip/altera/sopc_builder_ip/altera_avalon_pio/generate_rtl.pl --name=soc_system_button_pio --dir=C:/Users/asale/AppData/Local/Temp/alt9337_8479098465098111041.dir/0024_button_pio_gen/ --quartus_dir=C:/intelfpga/21.1/quartus --verilog --config=C:/Users/asale/AppData/Local/Temp/alt9337_8479098465098111041.dir/0024_button_pio_gen/
Info: 2022.12.11.19:56:28 Info: button_pio: Done RTL generation for module 'soc_system_button_pio'
Info: 2022.12.11.19:56:28 Info: button_pio: "soc_system" instantiated altera_avalon_pio "button_pio"
Info: 2022.12.11.19:56:28 Info: dipsw_pio: Starting RTL generation for module 'soc_system_dipsw_pio'
Info: 2022.12.11.19:56:28 Info: dipsw_pio:   Generation command is [exec C:/intelfpga/21.1/quartus/bin64/perl/bin/perl.exe -I C:/intelfpga/21.1/quartus/bin64/perl/lib -I C:/intelfpga/21.1/quartus/sopc_builder/bin/europa -I C:/intelfpga/21.1/quartus/sopc_builder/bin -I C:/intelfpga/21.1/quartus/../ip/altera/sopc_builder_ip/common -I C:/intelfpga/21.1/quartus/../ip/altera/sopc_builder_ip/altera_avalon_pio -- C:/intelfpga/21.1/quartus/../ip/altera/sopc_builder_ip/altera_avalon_pio/generate_rtl.pl --name=soc_system_dipsw_pio --dir=C:/Users/asale/AppData/Local/Temp/alt9337_8479098465098111041.dir/0025_dipsw_pio_gen/ --quartus_dir=C:/intelfpga/21.1/quartus --verilog --config=C:/Users/asale/AppData/Local/Temp/alt9337_8479098465098111041.dir/0025_dipsw_pio_gen/
Info: 2022.12.11.19:56:28 Info: dipsw_pio: Done RTL generation for module 'soc_system_dipsw_pio'
Info: 2022.12.11.19:56:28 Info: dipsw_pio: "soc_system" instantiated altera_avalon_pio "dipsw_pio"
Info: 2022.12.11.19:56:29 Info: f2sdram_only_master: "soc_system" instantiated altera_jtag_avalon_master "f2sdram_only_master"
Info: 2022.12.11.19:56:29 Info: hps_0: "Running  for module: hps_0"
Info: 2022.12.11.19:56:30 Info: hps_0: HPS Main PLL counter settings: n = 0  m = 63
Info: 2022.12.11.19:56:31 Info: hps_0: HPS peripherial PLL counter settings: n = 0  m = 39
Info: 2022.12.11.19:56:34 Info: hps_0: "soc_system" instantiated altera_hps "hps_0"
Info: 2022.12.11.19:56:34 Info: jtag_uart: Starting RTL generation for module 'soc_system_jtag_uart'
Info: 2022.12.11.19:56:34 Info: jtag_uart:   Generation command is [exec C:/intelfpga/21.1/quartus/bin64/perl/bin/perl.exe -I C:/intelfpga/21.1/quartus/bin64/perl/lib -I C:/intelfpga/21.1/quartus/sopc_builder/bin/europa -I C:/intelfpga/21.1/quartus/sopc_builder/bin -I C:/intelfpga/21.1/quartus/../ip/altera/sopc_builder_ip/common -I C:/intelfpga/21.1/quartus/../ip/altera/sopc_builder_ip/altera_avalon_jtag_uart -- C:/intelfpga/21.1/quartus/../ip/altera/sopc_builder_ip/altera_avalon_jtag_uart/generate_rtl.pl --name=soc_system_jtag_uart --dir=C:/Users/asale/AppData/Local/Temp/alt9337_8479098465098111041.dir/0026_jtag_uart_gen/ --quartus_dir=C:/intelfpga/21.1/quartus --verilog --config=C:/Users/asale/AppData/Local/Temp/alt9337_8479098465098111041.dir/0026_jtag_uart_gen/
Info: 2022.12.11.19:56:34 Info: jtag_uart: Done RTL generation for module 'soc_system_jtag_uart'
Info: 2022.12.11.19:56:34 Info: jtag_uart: "soc_system" instantiated altera_avalon_jtag_uart "jtag_uart"
Info: 2022.12.11.19:56:34 Info: led_pio: Starting RTL generation for module 'soc_system_led_pio'
Info: 2022.12.11.19:56:34 Info: led_pio:   Generation command is [exec C:/intelfpga/21.1/quartus/bin64/perl/bin/perl.exe -I C:/intelfpga/21.1/quartus/bin64/perl/lib -I C:/intelfpga/21.1/quartus/sopc_builder/bin/europa -I C:/intelfpga/21.1/quartus/sopc_builder/bin -I C:/intelfpga/21.1/quartus/../ip/altera/sopc_builder_ip/common -I C:/intelfpga/21.1/quartus/../ip/altera/sopc_builder_ip/altera_avalon_pio -- C:/intelfpga/21.1/quartus/../ip/altera/sopc_builder_ip/altera_avalon_pio/generate_rtl.pl --name=soc_system_led_pio --dir=C:/Users/asale/AppData/Local/Temp/alt9337_8479098465098111041.dir/0027_led_pio_gen/ --quartus_dir=C:/intelfpga/21.1/quartus --verilog --config=C:/Users/asale/AppData/Local/Temp/alt9337_8479098465098111041.dir/0027_led_pio_gen/
Info: 2022.12.11.19:56:34 Info: led_pio: Done RTL generation for module 'soc_system_led_pio'
Info: 2022.12.11.19:56:34 Info: led_pio: "soc_system" instantiated altera_avalon_pio "led_pio"
Info: 2022.12.11.19:56:34 Info: mm_bridge_0: "soc_system" instantiated altera_avalon_mm_bridge "mm_bridge_0"
Info: 2022.12.11.19:56:34 Info: sysid_qsys: "soc_system" instantiated altera_avalon_sysid_qsys "sysid_qsys"
Info: 2022.12.11.19:56:36 Info: avalon_st_adapter: Inserting error_adapter: error_adapter_0
Info: 2022.12.11.19:56:37 Info: mm_interconnect_0: "soc_system" instantiated altera_mm_interconnect "mm_interconnect_0"
Info: 2022.12.11.19:56:45 Info: avalon_st_adapter: Inserting error_adapter: error_adapter_0
Info: 2022.12.11.19:56:46 Info: avalon_st_adapter_001: Inserting error_adapter: error_adapter_0
Info: 2022.12.11.19:56:48 Info: avalon_st_adapter_002: Inserting error_adapter: error_adapter_0
Info: 2022.12.11.19:56:49 Info: avalon_st_adapter_003: Inserting error_adapter: error_adapter_0
Info: 2022.12.11.19:56:50 Info: avalon_st_adapter_004: Inserting error_adapter: error_adapter_0
Info: 2022.12.11.19:56:51 Info: avalon_st_adapter_005: Inserting error_adapter: error_adapter_0
Info: 2022.12.11.19:57:00 Info: mm_interconnect_1: "soc_system" instantiated altera_mm_interconnect "mm_interconnect_1"
Info: 2022.12.11.19:57:03 Info: mm_interconnect_2: "soc_system" instantiated altera_mm_interconnect "mm_interconnect_2"
Info: 2022.12.11.19:57:08 Info: avalon_st_adapter: Inserting error_adapter: error_adapter_0
Info: 2022.12.11.19:57:10 Info: mm_interconnect_3: "soc_system" instantiated altera_mm_interconnect "mm_interconnect_3"
Info: 2022.12.11.19:57:10 Info: irq_mapper: "soc_system" instantiated altera_irq_mapper "irq_mapper"
Info: 2022.12.11.19:57:10 Info: irq_mapper_001: "soc_system" instantiated altera_irq_mapper "irq_mapper_001"
Info: 2022.12.11.19:57:10 Info: irq_mapper_002: "soc_system" instantiated altera_irq_mapper "irq_mapper_002"
Info: 2022.12.11.19:57:10 Info: rst_controller: "soc_system" instantiated altera_reset_controller "rst_controller"
Info: 2022.12.11.19:57:10 Info: jtag_phy_embedded_in_jtag_master: "f2sdram_only_master" instantiated altera_jtag_dc_streaming "jtag_phy_embedded_in_jtag_master"
Info: 2022.12.11.19:57:10 Info: timing_adt: "f2sdram_only_master" instantiated timing_adapter "timing_adt"
Info: 2022.12.11.19:57:10 Info: fifo: "f2sdram_only_master" instantiated altera_avalon_sc_fifo "fifo"
Info: 2022.12.11.19:57:10 Info: b2p: "f2sdram_only_master" instantiated altera_avalon_st_bytes_to_packets "b2p"
Info: 2022.12.11.19:57:10 Info: p2b: "f2sdram_only_master" instantiated altera_avalon_st_packets_to_bytes "p2b"
Info: 2022.12.11.19:57:10 Info: transacto: "f2sdram_only_master" instantiated altera_avalon_packets_to_master "transacto"
Info: 2022.12.11.19:57:10 Info: b2p_adapter: "f2sdram_only_master" instantiated channel_adapter "b2p_adapter"
Info: 2022.12.11.19:57:10 Info: p2b_adapter: "f2sdram_only_master" instantiated channel_adapter "p2b_adapter"
Info: 2022.12.11.19:57:11 Info: fpga_interfaces: "hps_0" instantiated altera_interface_generator "fpga_interfaces"
Info: 2022.12.11.19:57:13 Info: hps_io: "hps_0" instantiated altera_hps_io "hps_io"
Info: 2022.12.11.19:57:13 Info: mm_bridge_0_s0_translator: "mm_interconnect_0" instantiated altera_merlin_slave_translator "mm_bridge_0_s0_translator"
Info: 2022.12.11.19:57:13 Info: hps_0_h2f_lw_axi_master_agent: "mm_interconnect_0" instantiated altera_merlin_axi_master_ni "hps_0_h2f_lw_axi_master_agent"
Info: 2022.12.11.19:57:13 Info: mm_bridge_0_s0_agent: "mm_interconnect_0" instantiated altera_merlin_slave_agent "mm_bridge_0_s0_agent"
Info: 2022.12.11.19:57:13 Info: router: "mm_interconnect_0" instantiated altera_merlin_router "router"
Info: 2022.12.11.19:57:13 Info: router_002: "mm_interconnect_0" instantiated altera_merlin_router "router_002"
Info: 2022.12.11.19:57:13 Info: mm_bridge_0_s0_burst_adapter: "mm_interconnect_0" instantiated altera_merlin_burst_adapter "mm_bridge_0_s0_burst_adapter"
Info: 2022.12.11.19:57:13 Info: Reusing file D:/project/quartus/DE10_NANO_SoC_GHRD/soc_system/synthesis/submodules
Info: 2022.12.11.19:57:13 Info: Reusing file D:/project/quartus/DE10_NANO_SoC_GHRD/soc_system/synthesis/submodules
Info: 2022.12.11.19:57:13 Info: Reusing file D:/project/quartus/DE10_NANO_SoC_GHRD/soc_system/synthesis/submodules
Info: 2022.12.11.19:57:13 Info: cmd_demux: "mm_interconnect_0" instantiated altera_merlin_demultiplexer "cmd_demux"
Info: 2022.12.11.19:57:13 Info: cmd_mux: "mm_interconnect_0" instantiated altera_merlin_multiplexer "cmd_mux"
Info: 2022.12.11.19:57:13 Info: rsp_demux: "mm_interconnect_0" instantiated altera_merlin_demultiplexer "rsp_demux"
Info: 2022.12.11.19:57:13 Info: rsp_mux: "mm_interconnect_0" instantiated altera_merlin_multiplexer "rsp_mux"
Info: 2022.12.11.19:57:13 Info: Reusing file D:/project/quartus/DE10_NANO_SoC_GHRD/soc_system/synthesis/submodules
Info: 2022.12.11.19:57:16 Info: avalon_st_adapter: "mm_interconnect_0" instantiated altera_avalon_st_adapter "avalon_st_adapter"
Info: 2022.12.11.19:57:16 Info: mm_bridge_0_m0_translator: "mm_interconnect_1" instantiated altera_merlin_master_translator "mm_bridge_0_m0_translator"
Info: 2022.12.11.19:57:16 Info: mm_bridge_0_m0_agent: "mm_interconnect_1" instantiated altera_merlin_master_agent "mm_bridge_0_m0_agent"
Info: 2022.12.11.19:57:16 Info: router: "mm_interconnect_1" instantiated altera_merlin_router "router"
Info: 2022.12.11.19:57:16 Info: router_002: "mm_interconnect_1" instantiated altera_merlin_router "router_002"
Info: 2022.12.11.19:57:16 Info: mm_bridge_0_m0_limiter: "mm_interconnect_1" instantiated altera_merlin_traffic_limiter "mm_bridge_0_m0_limiter"
Info: 2022.12.11.19:57:16 Info: Reusing file D:/project/quartus/DE10_NANO_SoC_GHRD/soc_system/synthesis/submodules
Info: 2022.12.11.19:57:16 Info: Reusing file D:/project/quartus/DE10_NANO_SoC_GHRD/soc_system/synthesis/submodules
Info: 2022.12.11.19:57:16 Info: cmd_demux: "mm_interconnect_1" instantiated altera_merlin_demultiplexer "cmd_demux"
Info: 2022.12.11.19:57:16 Info: cmd_mux: "mm_interconnect_1" instantiated altera_merlin_multiplexer "cmd_mux"
Info: 2022.12.11.19:57:16 Info: Reusing file D:/project/quartus/DE10_NANO_SoC_GHRD/soc_system/synthesis/submodules
Info: 2022.12.11.19:57:16 Info: rsp_demux: "mm_interconnect_1" instantiated altera_merlin_demultiplexer "rsp_demux"
Info: 2022.12.11.19:57:16 Info: rsp_mux: "mm_interconnect_1" instantiated altera_merlin_multiplexer "rsp_mux"
Info: 2022.12.11.19:57:16 Info: Reusing file D:/project/quartus/DE10_NANO_SoC_GHRD/soc_system/synthesis/submodules
Info: 2022.12.11.19:57:16 Info: hps_0_f2h_axi_slave_agent: "mm_interconnect_2" instantiated altera_merlin_axi_slave_ni "hps_0_f2h_axi_slave_agent"
Info: 2022.12.11.19:57:16 Info: Reusing file D:/project/quartus/DE10_NANO_SoC_GHRD/soc_system/synthesis/submodules
Info: 2022.12.11.19:57:16 Info: Reusing file D:/project/quartus/DE10_NANO_SoC_GHRD/soc_system/synthesis/submodules
Info: 2022.12.11.19:57:16 Info: Reusing file D:/project/quartus/DE10_NANO_SoC_GHRD/soc_system/synthesis/submodules
Info: 2022.12.11.19:57:16 Info: router: "mm_interconnect_2" instantiated altera_merlin_router "router"
Info: 2022.12.11.19:57:16 Info: router_001: "mm_interconnect_2" instantiated altera_merlin_router "router_001"
Info: 2022.12.11.19:57:16 Info: cmd_demux: "mm_interconnect_2" instantiated altera_merlin_demultiplexer "cmd_demux"
Info: 2022.12.11.19:57:16 Info: cmd_mux: "mm_interconnect_2" instantiated altera_merlin_multiplexer "cmd_mux"
Info: 2022.12.11.19:57:16 Info: Reusing file D:/project/quartus/DE10_NANO_SoC_GHRD/soc_system/synthesis/submodules
Info: 2022.12.11.19:57:16 Info: rsp_demux: "mm_interconnect_2" instantiated altera_merlin_demultiplexer "rsp_demux"
Info: 2022.12.11.19:57:16 Info: rsp_mux: "mm_interconnect_2" instantiated altera_merlin_multiplexer "rsp_mux"
Info: 2022.12.11.19:57:16 Info: Reusing file D:/project/quartus/DE10_NANO_SoC_GHRD/soc_system/synthesis/submodules
Info: 2022.12.11.19:57:16 Info: hps_0_f2h_axi_slave_wr_cmd_width_adapter: "mm_interconnect_2" instantiated altera_merlin_width_adapter "hps_0_f2h_axi_slave_wr_cmd_width_adapter"
Info: 2022.12.11.19:57:17 Info: Reusing file D:/project/quartus/DE10_NANO_SoC_GHRD/soc_system/synthesis/submodules
Info: 2022.12.11.19:57:17 Info: Reusing file D:/project/quartus/DE10_NANO_SoC_GHRD/soc_system/synthesis/submodules
Info: 2022.12.11.19:57:17 Info: router: "mm_interconnect_3" instantiated altera_merlin_router "router"
Info: 2022.12.11.19:57:17 Info: router_001: "mm_interconnect_3" instantiated altera_merlin_router "router_001"
Info: 2022.12.11.19:57:17 Info: cmd_demux: "mm_interconnect_3" instantiated altera_merlin_demultiplexer "cmd_demux"
Info: 2022.12.11.19:57:17 Info: cmd_mux: "mm_interconnect_3" instantiated altera_merlin_multiplexer "cmd_mux"
Info: 2022.12.11.19:57:17 Info: Reusing file D:/project/quartus/DE10_NANO_SoC_GHRD/soc_system/synthesis/submodules
Info: 2022.12.11.19:57:17 Info: rsp_mux: "mm_interconnect_3" instantiated altera_merlin_multiplexer "rsp_mux"
Info: 2022.12.11.19:57:17 Info: Reusing file D:/project/quartus/DE10_NANO_SoC_GHRD/soc_system/synthesis/submodules
Info: 2022.12.11.19:57:19 Info: avalon_st_adapter: "mm_interconnect_3" instantiated altera_avalon_st_adapter "avalon_st_adapter"
Error: 2022.12.11.19:58:00 Error: border: Error during execution of script generate_hps_sdram.tcl: seq: Nios II Command Shell.bat requires Windows Subsystem for Linux (WSL) to run.
Error: 2022.12.11.19:58:00 Error: border: Error during execution of script generate_hps_sdram.tcl: seq: Please install WSL and try again.
Error: 2022.12.11.19:58:00 Error: border: Error during execution of script generate_hps_sdram.tcl: seq: child process exited abnormally
Error: 2022.12.11.19:58:00 Error: border: Error during execution of script generate_hps_sdram.tcl: seq: add_fileset_file: No such file C:/Users/asale/AppData/Local/Temp/alt9337_3118551468287034340.dir/0004_seq_gen
Error: 2022.12.11.19:58:00 Error: border: Error during execution of script generate_hps_sdram.tcl: Generation stopped, 3 or more modules remaining
Error: 2022.12.11.19:58:00 Error: border: Execution of script generate_hps_sdram.tcl failed
Error: 2022.12.11.19:58:00 Error: border: 2022.12.11.19:57:21 Info:
Error: 2022.12.11.19:58:00 Error: border: ********************************************************************************************************************
Error: 2022.12.11.19:58:00 Error: border:
Error: 2022.12.11.19:58:00 Error: border: Use qsys-generate for a simpler command-line interface for generating IP.
Error: 2022.12.11.19:58:00 Error: border:
Error: 2022.12.11.19:58:00 Error: border: Run ip-generate with switch --remove-qsys-generate-warning to prevent this notice from appearing in subsequent runs.
Error: 2022.12.11.19:58:00 Error: border:
Error: 2022.12.11.19:58:00 Error: border: ********************************************************************************************************************
Warning: 2022.12.11.19:58:00 Error: border: 2022.12.11.19:57:28 Warning: Ignored parameter assignment device=5CSEBA6U23I7
Warning: 2022.12.11.19:58:00 Error: border: 2022.12.11.19:57:28 Warning: Ignored parameter assignment extended_family_support=true
Warning: 2022.12.11.19:58:00 Error: border: 2022.12.11.19:57:36 Warning: hps_sdram: 'Quick' simulation modes are NOT timing accurate. Some simulation memory models may issue warnings or errors
Warning: 2022.12.11.19:58:00 Error: border: 2022.12.11.19:57:36 Warning: hps_sdram.seq: This module has no ports or interfaces
Warning: 2022.12.11.19:58:00 Error: border: 2022.12.11.19:57:36 Warning: hps_sdram.p0: p0.scc must be exported, or connected to a matching conduit.
Warning: 2022.12.11.19:58:00 Error: border: 2022.12.11.19:57:36 Warning: hps_sdram.as: as.afi_init_cal_req must be exported, or connected to a matching conduit.
Warning: 2022.12.11.19:58:00 Error: border: 2022.12.11.19:57:36 Warning: hps_sdram.as: as.tracking must be exported, or connected to a matching conduit.
Warning: 2022.12.11.19:58:00 Error: border: 2022.12.11.19:57:36 Warning: hps_sdram.c0: c0.status must be exported, or connected to a matching conduit.
Warning: 2022.12.11.19:58:00 Error: border: 2022.12.11.19:57:36 Warning: hps_sdram.p0: p0.avl must be connected to an Avalon-MM master
Error: 2022.12.11.19:58:00 Error: border: 2022.12.11.19:57:36 Info: hps_sdram: Generating altera_mem_if_hps_emif "hps_sdram" for QUARTUS_SYNTH
Error: 2022.12.11.19:58:00 Error: border: 2022.12.11.19:57:39 Info: pll: "hps_sdram" instantiated altera_mem_if_hps_pll "pll"
Error: 2022.12.11.19:58:00 Error: border: 2022.12.11.19:57:39 Info: p0: Generating clock pair generator
Error: 2022.12.11.19:58:00 Error: border: 2022.12.11.19:57:40 Info: p0: Generating hps_sdram_p0_altdqdqs
Error: 2022.12.11.19:58:00 Error: border: 2022.12.11.19:57:54 Info: p0:
Error: 2022.12.11.19:58:00 Error: border: 2022.12.11.19:57:54 Info: p0: *****************************
Error: 2022.12.11.19:58:00 Error: border: 2022.12.11.19:57:54 Info: p0:
Error: 2022.12.11.19:58:00 Error: border: 2022.12.11.19:57:54 Info: p0: Remember to run the hps_sdram_p0_pin_assignments.tcl
Error: 2022.12.11.19:58:00 Error: border: 2022.12.11.19:57:54 Info: p0: script after running Synthesis and before Fitting.
Error: 2022.12.11.19:58:00 Error: border: 2022.12.11.19:57:54 Info: p0:
Error: 2022.12.11.19:58:00 Error: border: 2022.12.11.19:57:54 Info: p0: *****************************
Error: 2022.12.11.19:58:00 Error: border: 2022.12.11.19:57:54 Info: p0:
Error: 2022.12.11.19:58:00 Error: border: 2022.12.11.19:57:54 Info: p0: "hps_sdram" instantiated altera_mem_if_ddr3_hard_phy_core "p0"
Error: 2022.12.11.19:58:00 Error: border: 2022.12.11.19:57:59 Error: seq: Nios II Command Shell.bat requires Windows Subsystem for Linux (WSL) to run.
Error: 2022.12.11.19:58:00 Error: border: 2022.12.11.19:57:59 Error: seq: Please install WSL and try again.
Error: 2022.12.11.19:58:00 Error: border: 2022.12.11.19:57:59 Error: seq: child process exited abnormally
Error: 2022.12.11.19:58:00 Error: border: 2022.12.11.19:58:00 Error: seq: add_fileset_file: No such file C:/Users/asale/AppData/Local/Temp/alt9337_3118551468287034340.dir/0004_seq_gen
Error: 2022.12.11.19:58:00 Error: border: while executing
Error: 2022.12.11.19:58:00 Error: border: "add_fileset_file $file_name [::alt_mem_if::util::hwtcl_utils::get_file_type $file_name 0] PATH $file_pathname"
Error: 2022.12.11.19:58:00 Error: border: ("foreach" body line 4)
Error: 2022.12.11.19:58:00 Error: border: invoked from within
Error: 2022.12.11.19:58:00 Error: border: "foreach file_pathname $return_files_sw {
Error: 2022.12.11.19:58:00 Error: border:         _dprint 1 "Preparing to add $file_pathname"
Error: 2022.12.11.19:58:00 Error: border:         set file_name [file tail $file_pathname]
Error: 2022.12.11.19:58:00 Error: border:         add_fileset_file $..."
Error: 2022.12.11.19:58:00 Error: border: (procedure "generate_sw" line 18)
Error: 2022.12.11.19:58:00 Error: border: invoked from within
Error: 2022.12.11.19:58:00 Error: border: "generate_sw $name $fileset"
Error: 2022.12.11.19:58:00 Error: border: ("if" then script line 4)
Error: 2022.12.11.19:58:00 Error: border: invoked from within
Error: 2022.12.11.19:58:00 Error: border: "if {[string compare -nocase $fileset QUARTUS_SYNTH] == 0} {
Error: 2022.12.11.19:58:00 Error: border:         set top_level_file "altera_mem_if_hhp_qseq_synth_top.v"
Error: 2022.12.11.19:58:00 Error: border:         add_fileset_file $top_level_fi..."
Error: 2022.12.11.19:58:00 Error: border: (procedure "generate_files" line 4)
Error: 2022.12.11.19:58:00 Error: border: invoked from within
Error: 2022.12.11.19:58:00 Error: border: "generate_files $name QUARTUS_SYNTH"
Error: 2022.12.11.19:58:00 Error: border: (procedure "generate_synth" line 3)
Error: 2022.12.11.19:58:00 Error: border: invoked from within
Error: 2022.12.11.19:58:00 Error: border: "generate_synth altera_mem_if_hhp_qseq_synth_top"
Error: 2022.12.11.19:58:00 Error: border: 2022.12.11.19:58:00 Info: seq: "hps_sdram" instantiated altera_mem_if_hhp_ddr3_qseq "seq"
Error: 2022.12.11.19:58:00 Error: border: 2022.12.11.19:58:00 Error: Generation stopped, 3 or more modules remaining
Error: 2022.12.11.19:58:00 Error: border: 2022.12.11.19:58:00 Info: hps_sdram: Done "hps_sdram" with 7 modules, 33 files
Info: 2022.12.11.19:58:01 Info: border: "hps_io" instantiated altera_interface_generator "border"
Error: 2022.12.11.19:58:02 Error: Generation stopped, 2 or more modules remaining
Info: 2022.12.11.19:58:02 Info: soc_system: Done "soc_system" with 65 modules, 123 files
Error: 2022.12.11.19:58:04 Error: qsys-generate failed with exit code 1: 70 Errors, 4 Warnings
Info: 2022.12.11.19:58:04 Info: Finished: Create HDL design files for synthesis
Info (11904): Restoring file "soc_system.BAK.qsys" to "soc_system.qsys"
Error (14923): Error upgrading Platform Designer file "soc_system.qsys"
Info (11131): Completed upgrading IP component In-System Sources and Probes with file "ip/altsource_probe/hps_reset.v"
Error (11890): Unable to automatically upgrade Platform Designer component. Please manually upgrade "soc_system.qsys" in Platform Designer
Error (23031): Evaluation of Tcl script c:/intelfpga/21.1/quartus/common/tcl/internal/ip_regen/ip_regen.tcl unsuccessful
Error: Quartus Prime Shell was unsuccessful. 125 errors, 25 warnings
    Error: Peak virtual memory: 4885 megabytes
    Error: Processing ended: Sun Dec 11 19:58:24 2022
    Error: Elapsed time: 00:06:37
    Error: Total CPU time (on all processors): 00:10:26


