Info: Starting: Create block symbol file (.bsf)
Info: qsys-generate D:\project\quartus\DE10_NANO_SoC_GHRD\soc_system.qsys --block-symbol-file --output-directory=D:\project\quartus\DE10_NANO_SoC_GHRD\soc_system --family="Cyclone V" --part=5CSEBA6U23I7
Progress: Loading DE10_NANO_SoC_GHRD/soc_system.qsys
Progress: Reading input file
Progress: Adding clk_0 [clock_source 21.1]
Progress: Parameterizing module clk_0
Progress: Adding hps_0 [altera_hps 21.1]
Progress: Parameterizing module hps_0
Progress: Building connections
Progress: Parameterizing connections
Progress: Validating
Progress: Done reading input file
Info: soc_system.hps_0: HPS Main PLL counter settings: n = 0  m = 63
Info: soc_system.hps_0: HPS peripherial PLL counter settings: n = 0  m = 39
Warning: soc_system.hps_0: set_interface_assignment: Interface "hps_io" does not exist
Info: qsys-generate succeeded.
Info: Finished: Create block symbol file (.bsf)
Info: 
Info: Starting: Create HDL design files for synthesis
Info: qsys-generate D:\project\quartus\DE10_NANO_SoC_GHRD\soc_system.qsys --synthesis=VERILOG --output-directory=D:\project\quartus\DE10_NANO_SoC_GHRD\soc_system\synthesis --family="Cyclone V" --part=5CSEBA6U23I7
Progress: Loading DE10_NANO_SoC_GHRD/soc_system.qsys
Progress: Reading input file
Progress: Adding clk_0 [clock_source 21.1]
Progress: Parameterizing module clk_0
Progress: Adding hps_0 [altera_hps 21.1]
Progress: Parameterizing module hps_0
Progress: Building connections
Progress: Parameterizing connections
Progress: Validating
Progress: Done reading input file
Info: soc_system.hps_0: HPS Main PLL counter settings: n = 0  m = 63
Info: soc_system.hps_0: HPS peripherial PLL counter settings: n = 0  m = 39
Warning: soc_system.hps_0: set_interface_assignment: Interface "hps_io" does not exist
Info: soc_system: Generating soc_system "soc_system" for QUARTUS_SYNTH
Info: hps_0: "Running  for module: hps_0"
Info: hps_0: HPS Main PLL counter settings: n = 0  m = 63
Info: hps_0: HPS peripherial PLL counter settings: n = 0  m = 39
Warning: hps_0: set_interface_assignment: Interface "hps_io" does not exist
Info: hps_0: "soc_system" instantiated altera_hps "hps_0"
Info: fpga_interfaces: "hps_0" instantiated altera_interface_generator "fpga_interfaces"
Info: hps_io: "hps_0" instantiated altera_hps_io "hps_io"
Error: border: Error during execution of script generate_hps_sdram.tcl: seq: Error during execution of "{C:/intelfpga/21.1/quartus/../nios2eds/Nios II Command Shell.bat} make all 2>> stderr.txt": child process exited abnormally
Error: border: Error during execution of script generate_hps_sdram.tcl: seq: Execution of command "{C:/intelfpga/21.1/quartus/../nios2eds/Nios II Command Shell.bat} make all 2>> stderr.txt" failed
Error: border: Error during execution of script generate_hps_sdram.tcl: seq: Nios II Command Shell.bat requires Windows Subsystem for Linux (WSL) to run.
Error: border: Error during execution of script generate_hps_sdram.tcl: seq: Please install WSL and try again.
Error: border: Error during execution of script generate_hps_sdram.tcl: seq: child process exited abnormally
Error: border: Error during execution of script generate_hps_sdram.tcl: seq: add_fileset_file: No such file C:/Users/asale/AppData/Local/Temp/alt9337_7749749614648349792.dir/0004_seq_gen/hps_AC_ROM.hex
Error: border: Error during execution of script generate_hps_sdram.tcl: Generation stopped, 3 or more modules remaining
Error: border: Execution of script generate_hps_sdram.tcl failed
Error: border: 2022.12.12.00:15:05 Info:
Error: border: ********************************************************************************************************************
Error: border: 
Error: border: Use qsys-generate for a simpler command-line interface for generating IP.
Error: border: 
Error: border: Run ip-generate with switch --remove-qsys-generate-warning to prevent this notice from appearing in subsequent runs.
Error: border: 
Error: border: ********************************************************************************************************************
Error: border: 2022.12.12.00:15:07 Warning: Ignored parameter assignment device=5CSEBA6U23I7
Error: border: 2022.12.12.00:15:07 Warning: Ignored parameter assignment extended_family_support=true
Error: border: 2022.12.12.00:15:11 Warning: hps_sdram: 'Quick' simulation modes are NOT timing accurate. Some simulation memory models may issue warnings or errors
Error: border: 2022.12.12.00:15:11 Warning: hps_sdram.seq: This module has no ports or interfaces
Error: border: 2022.12.12.00:15:11 Warning: hps_sdram.p0: p0.scc must be exported, or connected to a matching conduit.
Error: border: 2022.12.12.00:15:11 Warning: hps_sdram.as: as.afi_init_cal_req must be exported, or connected to a matching conduit.
Error: border: 2022.12.12.00:15:11 Warning: hps_sdram.as: as.tracking must be exported, or connected to a matching conduit.
Error: border: 2022.12.12.00:15:11 Warning: hps_sdram.c0: c0.status must be exported, or connected to a matching conduit.
Error: border: 2022.12.12.00:15:11 Warning: hps_sdram.p0: p0.avl must be connected to an Avalon-MM master
Error: border: 2022.12.12.00:15:11 Info: hps_sdram: Generating altera_mem_if_hps_emif "hps_sdram" for QUARTUS_SYNTH
Error: border: 2022.12.12.00:15:12 Info: pll: "hps_sdram" instantiated altera_mem_if_hps_pll "pll"
Error: border: 2022.12.12.00:15:12 Info: p0: Generating clock pair generator
Error: border: 2022.12.12.00:15:13 Info: p0: Generating hps_sdram_p0_altdqdqs
Error: border: 2022.12.12.00:15:17 Info: p0:
Error: border: 2022.12.12.00:15:17 Info: p0: *****************************
Error: border: 2022.12.12.00:15:17 Info: p0:
Error: border: 2022.12.12.00:15:17 Info: p0: Remember to run the hps_sdram_p0_pin_assignments.tcl
Error: border: 2022.12.12.00:15:17 Info: p0: script after running Synthesis and before Fitting.
Error: border: 2022.12.12.00:15:17 Info: p0:
Error: border: 2022.12.12.00:15:17 Info: p0: *****************************
Error: border: 2022.12.12.00:15:17 Info: p0:
Error: border: 2022.12.12.00:15:17 Info: p0: "hps_sdram" instantiated altera_mem_if_ddr3_hard_phy_core "p0"
Error: border: 2022.12.12.00:15:20 Error: seq: Error during execution of "{C:/intelfpga/21.1/quartus/../nios2eds/Nios II Command Shell.bat} make all 2>> stderr.txt": child process exited abnormally
Error: border: 2022.12.12.00:15:20 Error: seq: Execution of command "{C:/intelfpga/21.1/quartus/../nios2eds/Nios II Command Shell.bat} make all 2>> stderr.txt" failed
Error: border: 2022.12.12.00:15:20 Error: seq: Nios II Command Shell.bat requires Windows Subsystem for Linux (WSL) to run.
Error: border: 2022.12.12.00:15:20 Error: seq: Please install WSL and try again.
Error: border: 2022.12.12.00:15:20 Error: seq: child process exited abnormally
Error: border: 2022.12.12.00:15:20 Error: seq: add_fileset_file: No such file C:/Users/asale/AppData/Local/Temp/alt9337_7749749614648349792.dir/0004_seq_gen/hps_AC_ROM.hex
Error: border: while executing
Error: border: "add_fileset_file $file_name [::alt_mem_if::util::hwtcl_utils::get_file_type $file_name 0] PATH $file_pathname"
Error: border: ("foreach" body line 4)
Error: border: invoked from within
Error: border: "foreach file_pathname $return_files_sw {
Error: border: 		_dprint 1 "Preparing to add $file_pathname"
Error: border: 		set file_name [file tail $file_pathname]
Error: border: 		add_fileset_file $..."
Error: border: (procedure "generate_sw" line 18)
Error: border: invoked from within
Error: border: "generate_sw $name $fileset"
Error: border: ("if" then script line 4)
Error: border: invoked from within
Error: border: "if {[string compare -nocase $fileset QUARTUS_SYNTH] == 0} {
Error: border: 		set top_level_file "altera_mem_if_hhp_qseq_synth_top.v"
Error: border: 		add_fileset_file $top_level_fi..."
Error: border: (procedure "generate_files" line 4)
Error: border: invoked from within
Error: border: "generate_files $name QUARTUS_SYNTH"
Error: border: (procedure "generate_synth" line 3)
Error: border: invoked from within
Error: border: "generate_synth altera_mem_if_hhp_qseq_synth_top"
Error: border: 2022.12.12.00:15:20 Info: seq: "hps_sdram" instantiated altera_mem_if_hhp_ddr3_qseq "seq"
Error: border: 2022.12.12.00:15:20 Error: Generation stopped, 3 or more modules remaining
Error: border: 2022.12.12.00:15:20 Info: hps_sdram: Done "hps_sdram" with 7 modules, 33 files
Info: border: "hps_io" instantiated altera_interface_generator "border"
Info: soc_system: Done "soc_system" with 5 modules, 39 files
Error: qsys-generate failed with exit code 1: 69 Errors, 2 Warnings
Info: Finished: Create HDL design files for synthesis
