Info: Starting: Create simulation model
Info: qsys-generate D:\project\ip\hls\main\streamV1.prj\verification\tb.qsys --simulation=VERILOG --allow-mixed-language-simulation --output-directory=D:\project\ip\hls\main\streamV1.prj\verification\tb\simulation --family="Cyclone V" --part=5CGXFC7C7F23C8
Progress: Loading verification/tb.qsys
Progress: Reading input file
Progress: Adding clock_reset_inst [hls_sim_clock_reset 1.0]
Progress: Parameterizing module clock_reset_inst
Progress: Adding component_dpi_controller_streamer_inst [hls_sim_component_dpi_controller 1.0]
Progress: Parameterizing module component_dpi_controller_streamer_inst
Progress: Adding concatenate_component_done_inst [avalon_concatenate_singlebit_conduits 1.0]
Progress: Parameterizing module concatenate_component_done_inst
Progress: Adding concatenate_component_wait_for_stream_writes_inst [avalon_concatenate_singlebit_conduits 1.0]
Progress: Parameterizing module concatenate_component_wait_for_stream_writes_inst
Progress: Adding main_dpi_controller_inst [hls_sim_main_dpi_controller 1.0]
Progress: Parameterizing module main_dpi_controller_inst
Progress: Adding mm_host_dpi_bfm_streamer_avs_cra_inst [hls_sim_mm_host_dpi_bfm 1.0]
Progress: Parameterizing module mm_host_dpi_bfm_streamer_avs_cra_inst
Progress: Adding split_component_start_inst [avalon_split_multibit_conduit 1.0]
Progress: Parameterizing module split_component_start_inst
Progress: Adding streamer_component_dpi_controller_agent_done_concatenate_inst [avalon_concatenate_singlebit_conduits 1.0]
Progress: Parameterizing module streamer_component_dpi_controller_agent_done_concatenate_inst
Progress: Adding streamer_component_dpi_controller_agent_readback_fanout_inst [avalon_conduit_fanout 1.0]
Progress: Parameterizing module streamer_component_dpi_controller_agent_readback_fanout_inst
Progress: Adding streamer_component_dpi_controller_agent_ready_concatenate_inst [avalon_concatenate_singlebit_conduits 1.0]
Progress: Parameterizing module streamer_component_dpi_controller_agent_ready_concatenate_inst
Progress: Adding streamer_component_dpi_controller_bind_conduit_fanout_inst [avalon_conduit_fanout 1.0]
Progress: Parameterizing module streamer_component_dpi_controller_bind_conduit_fanout_inst
Progress: Adding streamer_component_dpi_controller_enable_conduit_fanout_inst [avalon_conduit_fanout 1.0]
Progress: Parameterizing module streamer_component_dpi_controller_enable_conduit_fanout_inst
Progress: Adding streamer_component_dpi_controller_implicit_ready_conduit_fanout_inst [avalon_conduit_fanout 1.0]
Progress: Parameterizing module streamer_component_dpi_controller_implicit_ready_conduit_fanout_inst
Progress: Adding streamer_inst [streamer 1.0]
Progress: Parameterizing module streamer_inst
Progress: Building connections
Progress: Parameterizing connections
Progress: Validating
Progress: Done reading input file
Warning: tb.component_dpi_controller_streamer_inst.dpi_control_stream_writes_active: Interface has no signals
Warning: tb.mm_host_dpi_bfm_streamer_avs_cra_inst.cra_control_agent_memory_writes_done: Interface has no signals
Warning: tb.component_dpi_controller_streamer_inst: component_dpi_controller_streamer_inst.dpi_control_stream_writes_active must be exported, or connected to a matching conduit.
Warning: tb.component_dpi_controller_streamer_inst: component_dpi_controller_streamer_inst.component_call must be exported, or connected to a matching conduit.
Warning: tb.component_dpi_controller_streamer_inst: component_dpi_controller_streamer_inst.component_return must be exported, or connected to a matching conduit.
Warning: tb.component_dpi_controller_streamer_inst: component_dpi_controller_streamer_inst.returndata must be exported, or connected to a matching conduit.
Warning: tb.mm_host_dpi_bfm_streamer_avs_cra_inst: mm_host_dpi_bfm_streamer_avs_cra_inst.cra_control_done_writes_to_cra must be exported, or connected to a matching conduit.
Warning: tb.mm_host_dpi_bfm_streamer_avs_cra_inst: mm_host_dpi_bfm_streamer_avs_cra_inst.cra_control_agent_memory_writes_done must be exported, or connected to a matching conduit.
Info: tb: Generating tb "tb" for SIM_VERILOG
Info: Interconnect is inserted between master mm_host_dpi_bfm_streamer_avs_cra_inst.m0 and slave streamer_inst.avs_cra because the master has burstcount signal 1 bit wide, but the slave is 0 bit wide.
Info: Interconnect is inserted between master mm_host_dpi_bfm_streamer_avs_cra_inst.m0 and slave streamer_inst.avs_cra because the master has address signal 7 bit wide, but the slave is 4 bit wide.
Info: Interconnect is inserted between master mm_host_dpi_bfm_streamer_avs_cra_inst.m0 and slave streamer_inst.avs_cra because the master has waitrequest signal 1 bit wide, but the slave is 0 bit wide.
Info: Interconnect is inserted between master mm_host_dpi_bfm_streamer_avs_cra_inst.m0 and slave streamer_inst.avs_cra because the master has readdatavalid signal 1 bit wide, but the slave is 0 bit wide.
Info: clock_reset_inst: "tb" instantiated hls_sim_clock_reset "clock_reset_inst"
Info: component_dpi_controller_streamer_inst: "tb" instantiated hls_sim_component_dpi_controller "component_dpi_controller_streamer_inst"
Info: concatenate_component_done_inst: "tb" instantiated avalon_concatenate_singlebit_conduits "concatenate_component_done_inst"
Info: main_dpi_controller_inst: "tb" instantiated hls_sim_main_dpi_controller "main_dpi_controller_inst"
Info: mm_host_dpi_bfm_streamer_avs_cra_inst: "tb" instantiated hls_sim_mm_host_dpi_bfm "mm_host_dpi_bfm_streamer_avs_cra_inst"
Info: split_component_start_inst: "tb" instantiated avalon_split_multibit_conduit "split_component_start_inst"
Info: streamer_component_dpi_controller_agent_readback_fanout_inst: "tb" instantiated avalon_conduit_fanout "streamer_component_dpi_controller_agent_readback_fanout_inst"
Info: streamer_inst: "tb" instantiated streamer "streamer_inst"
Info: mm_interconnect_0: "tb" instantiated altera_mm_interconnect "mm_interconnect_0"
Info: irq_mapper: "tb" instantiated altera_irq_mapper "irq_mapper"
Info: streamer_internal_inst: "streamer_inst" instantiated streamer_internal "streamer_internal_inst"
Info: Reusing file D:/project/ip/hls/main/streamV1.prj/verification/tb/simulation/submodules/hld_sim_latency_tracker.sv
Info: mm_host_dpi_bfm_streamer_avs_cra_inst_m0_translator: "mm_interconnect_0" instantiated altera_merlin_master_translator "mm_host_dpi_bfm_streamer_avs_cra_inst_m0_translator"
Info: streamer_inst_avs_cra_translator: "mm_interconnect_0" instantiated altera_merlin_slave_translator "streamer_inst_avs_cra_translator"
Info: tb: Done "tb" with 14 modules, 173 files
Info: qsys-generate succeeded.
Info: Finished: Create simulation model
Info: Starting: Create Modelsim Project.
Info: sim-script-gen --spd=D:\project\ip\hls\main\streamV1.prj\verification\tb\tb.spd --output-directory=D:/project/ip/hls/main/streamV1.prj/verification/tb/simulation/ --use-relative-paths=true
Info: Doing: ip-make-simscript --spd=D:\project\ip\hls\main\streamV1.prj\verification\tb\tb.spd --output-directory=D:/project/ip/hls/main/streamV1.prj/verification/tb/simulation/ --use-relative-paths=true
Info: Generating the following file(s) for MODELSIM simulator in D:/project/ip/hls/main/streamV1.prj/verification/tb/simulation/ directory:
Info: 	mentor/msim_setup.tcl
Info: Generating the following file(s) for VCS simulator in D:/project/ip/hls/main/streamV1.prj/verification/tb/simulation/ directory:
Info: 	synopsys/vcs/vcs_setup.sh
Info: Generating the following file(s) for VCSMX simulator in D:/project/ip/hls/main/streamV1.prj/verification/tb/simulation/ directory:
Info: 	synopsys/vcsmx/synopsys_sim.setup
Info: 	synopsys/vcsmx/vcsmx_setup.sh
Info: Generating the following file(s) for NCSIM simulator in D:/project/ip/hls/main/streamV1.prj/verification/tb/simulation/ directory:
Info: 	cadence/cds.lib
Info: 	cadence/hdl.var
Info: 	cadence/ncsim_setup.sh
Info: 	14 .cds.lib files in cadence/cds_libs/ directory
Info: Generating the following file(s) for RIVIERA simulator in D:/project/ip/hls/main/streamV1.prj/verification/tb/simulation/ directory:
Info: 	aldec/rivierapro_setup.tcl
Info: For information on how to simulate your IP, see the explanatory comments in the simulator-specific subdirectories under D:/project/ip/hls/main/streamV1.prj/verification/tb/simulation/.
Info: Regenerate these scripts whenever you make any change to any Quartus-generated IP in your project.
Info: Finished: Create Modelsim Project.
